"[{\"descricao\":\"Lanche com ovo, bacon e hamburguer\",\"id\":321,\"nome\":\"Saci\",\"preco\":20.00}]"