"[{\"id\":123,\"nomeFantasia\":\"Novo Restaurante\",\"proprietario\":\"Id do keyclok\"},{\"id\":1234,\"nomeFantasia\":\"Novo Restaurante 2\",\"proprietario\":\"Id do keyclok 2\"}]"